**********************
Windows PowerShell transcript start
Start time: 20250916150335
Username: DELL_LAPTOP_GK\gioka
RunAs User: DELL_LAPTOP_GK\gioka
Configuration Name: 
Machine: DELL_LAPTOP_GK (Microsoft Windows NT 10.0.26100.0)
Host Application: C:\Windows\System32\WindowsPowerShell\v1.0\powershell.exe
Process ID: 9096
PSVersion: 5.1.26100.6584
PSEdition: Desktop
PSCompatibleVersions: 1.0, 2.0, 3.0, 4.0, 5.0, 5.1.26100.6584
BuildVersion: 10.0.26100.6584
CLRVersion: 4.0.30319.42000
WSManStackVersion: 3.0
PSRemotingProtocolVersion: 2.3
SerializationVersion: 1.1.0.1
**********************
Transcript started, output file is C:\magellan\aba-agent\app\step4-build-20250916-150335.log
Working directory: C:\magellan\aba-agent\app
Nothing on port 4173


Running: C:\Program Files\nodejs\npm.cmd install
Running: C:\Program Files\nodejs\npm.cmd install -D @vitejs/plugin-react
Running: C:\Program Files\nodejs\npm.cmd run build
PS C:\magellan\aba-agent\app> TerminatingError(): "npm run build failed (2)"
>> TerminatingError(): "npm run build failed (2)"
>> TerminatingError(): "npm run build failed (2)"
npm run build failed (2)
npm run build failed (2)
At C:\magellan\aba-agent\app\Step4-Build.ps1:47 char:28
+ ... $p.ExitCode -ne 0) { throw "npm $argString failed ($($p.ExitCode))" }
+                          ~~~~~~~~~~~~~~~~~~~~~~~~~~~~~~~~~~~~~~~~~~~~~~
    + CategoryInfo          : OperationStopped: (npm run build failed (2):String) [], RuntimeException
    + FullyQualifiedErrorId : npm run build failed (2)

PS C:\magellan\aba-agent\app> cd C:\magellan\aba-agent\app
PS C:\magellan\aba-agent\app> Get-ChildItem -Recurse .\src\ -Include *.js -File
PS C:\magellan\aba-agent\app> Remove-Item -Recurse -Force .\src\*.js, .\src\modules\*.js -ErrorAction SilentlyContinue
PS C:\magellan\aba-agent\app> @'
import React from "react";
import { createRoot } from "react-dom/client";
import { BrowserRouter, Routes, Route, Link } from "react-router-dom";
import DashboardPage from "./modules/DashboardPage";
import PatientsPage from "./modules/PatientsPage";
import BillingPage from "./modules/BillingPage";

function Layout({ children }: { children: React.ReactNode }) {
  return (
    <div style={{ fontFamily: "Inter, system-ui, sans-serif", padding: 16 }}>
      <header style={{ display: "flex", gap: 16, alignItems: "center" }}>
        <h1 style={{ marginRight: "auto" }}>Magellan ABA</h1>
        <nav style={{ display: "flex", gap: 12 }}>
          <Link to="/">Dashboard</Link>
          <Link to="/patients">Patients</Link>
          <Link to="/billing">Billing</Link>
        </nav>
      </header>
      <main style={{ marginTop: 24 }}>{children}</main>
    </div>
  );
}

function App() {
  return (
    <BrowserRouter>
      <Routes>
        <Route path="/" element={<Layout><DashboardPage /></Layout>} />
        <Route path="/patients" element={<Layout><PatientsPage /></Layout>} />
        <Route path="/billing" element={<Layout><BillingPage /></Layout>} />
      </Routes>
    </BrowserRouter>
  );
}

createRoot(document.getElementById("root")!).render(<App />);
'@ | Set-Content .\src\main.tsx -Encoding utf8
PS C:\magellan\aba-agent\app> @'
import React from "react";

export default function DashboardPage() {
  return (
    <div>
      <h2>Welcome to the Dashboard</h2>
      <p>Quick links and KPIs will go here.</p>
    </div>
  );
}
'@ | Set-Content .\src\modules\DashboardPage.tsx -Encoding utf8
PS C:\magellan\aba-agent\app> .\Step4-Build.ps1
Transcript started, output file is C:\magellan\aba-agent\app\step4-build-20250916-150614.log
Working directory: C:\magellan\aba-agent\app
Nothing on port 4173


Running: C:\Program Files\nodejs\npm.cmd install
Running: C:\Program Files\nodejs\npm.cmd install -D @vitejs/plugin-react
Running: C:\Program Files\nodejs\npm.cmd run build

Build completed successfully.
Transcript stopped, output file is C:\magellan\aba-agent\app\step4-build-20250916-150614.log

PS C:\magellan\aba-agent\app> cd C:\magellan\aba-agent\app
PS C:\magellan\aba-agent\app> npm test

PS C:\magellan\aba-agent\app> # terminal A (API)
PS C:\magellan\aba-agent\app> cd C:\magellan\aba-agent\server
PS C:\magellan\aba-agent\server> npm run dev
^C
PS C:\magellan\aba-agent\server> TerminatingError(): "The pipeline has been stopped."
>> TerminatingError(): "The pipeline has been stopped."
>> TerminatingError(): "The pipeline has been stopped."
>> TerminatingError(): "The pipeline has been stopped."
PS C:\magellan\aba-agent\server> # terminal B (web app)
PS C:\magellan\aba-agent\server> cd C:\magellan\aba-agent\app
PS C:\magellan\aba-agent\app> npm run dev

PS C:\magellan\aba-agent\app> npm run dev

